../Core/Src/main.cpp:78:12:int __io_putchar(int)	16	static
../Core/Src/main.cpp:102:8:void OLED::set_I2C_Address(unsigned char)	16	static
../Core/Src/main.cpp:123:8:void OLED::oled_WriteCommand(uint8_t)	32	static
../Core/Src/main.cpp:145:8:void OLED::oled_WriteData(uint8_t*, size_t)	40	static
../Core/Src/main.cpp:159:6:void ssd1306_UpdateScreen(OLED&)	24	static
../Core/Src/main.cpp:181:6:void updateScreen(OLED&, OLED&)	24	static
../Core/Src/main.cpp:204:6:void ssd1306_Fill(SSD1306_COLOR)	24	static
../Core/Src/main.cpp:89:7:OLED::OLED()	16	static
../Core/Src/main.cpp:221:5:int main()	24	static
../Core/Src/main.cpp:402:6:void SystemClock_Config()	88	static
../Core/Src/main.cpp:444:13:void MX_I2C1_Init()	8	static
../Core/Src/main.cpp:478:13:void MX_USART2_UART_Init()	8	static
../Core/Src/main.cpp:511:13:void MX_GPIO_Init()	40	static
../Core/Src/main.cpp:539:6:void Error_Handler()	4	static,ignoring_inline_asm
